 Error no:8 Error Message:Undefined variable: checker File name: D:\xampp\htdocs\finalproject\signin.php Line:82 Error no:8 Error Message:Undefined variable: checker File name: D:\xampp\htdocs\finalproject\home.php Line:348 Error no:8 Error Message:Undefined variable: checker File name: D:\xampp\htdocs\finalproject\home.php Line:348 Error no:2 Error Message:include(ErrorHandling): failed to open stream: No such file or directory File name: D:\xampp\htdocs\finalproject\menu.php Line:4 Error no:2 Error Message:include(ErrorHandling): failed to open stream: No such file or directory File name: D:\xampp\htdocs\finalproject\menu.php Line:4 Error no:2 Error Message:include(ErrorHandling): failed to open stream: No such file or directory File name: D:\xampp\htdocs\finalproject\menu.php Line:4 Error no:2 Error Message:include(ErrorHandling): failed to open stream: No such file or directory File name: D:\xampp\htdocs\finalproject\menu.php Line:4 Error no:2 Error Message:include(ErrorHandling): failed to open stream: No such file or directory File name: D:\xampp\htdocs\finalproject\menu.php Line:4 Error no:2 Error Message:include(ErrorHandling): failed to open stream: No such file or directory File name: D:\xampp\htdocs\finalproject\menu.php Line:4 Error no:2 Error Message:include(ErrorHandling): failed to open stream: No such file or directory File name: D:\xampp\htdocs\finalproject\menu.php Line:4 Error no:2 Error Message:mysqli::mysqli(): (HY000/1049): Unknown database 'project11' File name: D:\xampp\htdocs\finalproject\signin.php Line:13 Error no:2 Error Message:mysqli_fetch_array() expects parameter 1 to be mysqli_result, boolean given File name: D:\xampp\htdocs\finalproject\signin.php Line:21 Error no:2 Error Message:Undefined array key "X" File name: C:\Users\Administrator\Desktop\New folder\htdocs\proo\deleteproduct.php Line:17 Error no:2 Error Message:Undefined array key "X" File name: C:\Users\Administrator\Desktop\New folder\htdocs\proo\deleteproduct.php Line:17 Error no:2 Error Message:Undefined array key "Role" File name: C:\Users\Administrator\Desktop\New folder\htdocs\proo\deleteproduct.php Line:5 Error no:2 Error Message:Undefined array key "Role" File name: C:\Users\Administrator\Desktop\New folder\htdocs\proo\deleteproduct.php Line:5 Error no:2 Error Message:Undefined array key "Role" File name: C:\Users\Administrator\Desktop\New folder\htdocs\proo\deleteproduct.php Line:5 Error no:2 Error Message:Undefined array key "Role" File name: C:\Users\Administrator\Desktop\New folder\htdocs\proo\deleteproduct.php Line:5 Error no:2 Error Message:Undefined variable $checker File name: C:\Users\Administrator\Desktop\New folder\htdocs\proo\details.php Line:214 Error no:2 Error Message:Undefined variable $checker File name: C:\Users\Administrator\Desktop\New folder\htdocs\proo\details.php Line:214 Error no:2 Error Message:Undefined variable $checker File name: C:\Users\Administrator\Desktop\New folder\htdocs\proo\details.php Line:214 Error no:2 Error Message:Undefined variable $checker File name: C:\Users\Administrator\Desktop\New folder\htdocs\proo\details.php Line:214